Microchip MPLAB XC8 Compiler V2.35

Linker command line:

-W-3 --edf=C:\Program Files\Microchip\xc8\v2.35\pic\dat\en_msgs.txt -cn \
  -h+dist/default/production\LCD.X.production.sym \
  --cmf=dist/default/production\LCD.X.production.cmf -z -Q16F887 \
  -oC:\Users\Pablo\AppData\Local\Temp\xcAs6ic.4 --defsym=__MPLAB_BUILD=1 \
  -Mdist/default/production/LCD.X.production.map \
  --md=C:\Users\Pablo\AppData\Local\Temp\xcAs6ic.dat -E1 -ver=XC8 Compiler \
  --acfsm=1493 -ACODE=00h-07FFhx4 -ASTRCODE=00h-01FFFh -ASTRING=00h-0FFhx32 \
  -ACONST=00h-0FFhx32 -AENTRY=00h-0FFhx32 -ACOMMON=070h-07Fh \
  -ABANK0=020h-06Fh -ABANK1=0A0h-0EFh -ABANK2=0110h-016Fh \
  -ABANK3=0190h-01EFh -ARAM=020h-06Fh,0A0h-0EFh,0110h-016Fh,0190h-01EFh \
  -AABS1=020h-07Fh,0A0h-0EFh,0110h-016Fh,0190h-01EFh -ASFR0=00h-01Fh \
  -ASFR1=080h-09Fh -ASFR2=0100h-010Fh -ASFR3=0180h-018Fh \
  -ACONFIG=02007h-02008h -DCONFIG=2 -AIDLOC=02000h-02003h -DIDLOC=2 \
  -AEEDATA=00h-0FFh/02100h -peeprom_data=EEDATA -DEEDATA=2 -DCODE=2 \
  -DSTRCODE=2 -DSTRING=2 -DCONST=2 -DENTRY=2 \
  -preset_vec=00h,intentry=04h,init,end_init -ppowerup=CODE -pcinit=CODE \
  -pfunctab=ENTRY -k C:\Users\Pablo\AppData\Local\Temp\xcAs6ic.o \
  dist/default/production\LCD.X.production.o 

Object code version is 3.11

Machine type is 16F887



                Name                               Link     Load   Length Selector   Space Scale
C:\Users\Pablo\AppData\Local\Temp\xcAs6ic.o
                end_init                             12       12        3        8       0
                reset_vec                             0        0        3        0       0
                config                             2007     2007        2        0       4
dist/default/production\LCD.X.production.o
                cinit                                15       15       11        8       0
                intentry                              4        4        E        8       0
                config                             2007     2007        2        0       4
                text24                              899      899       25     1132       0
                text23                              85B      85B        A     10B6       0
                text22                              387      387      288        8       0
                text21                              60F      60F      1DD        8       0
                text20                              8E4      8E4       27     11C8       0
                text19                               26       26      361        8       0
                text18                              B1A      B1A       9C     1634       0
                text17                              C5F      C5F       BA     18BE       0
                text16                              BB6      BB6       A9     176C       0
                text15                              9A9      9A9       44     1352       0
                text14                              96F      96F       3A     12DE       0
                text13                              DE5      DE5       E8     1BCA       0
                text12                              84D      84D        6     109A       0
                text11                              ECD      ECD      133     1D9A       0
                text10                              87D      87D       1C     10FA       0
                text9                               9ED      9ED       57     13DA       0
                text8                               8BE      8BE       26     117C       0
                text7                               865      865       18     10CA       0
                text6                               93C      93C       33     1278       0
                text5                               AA8      AA8       72     1550       0
                text4                               90B      90B       31     1216       0
                text3                               7EC      7EC        D        8       0
                text2                               A44      A44       64     1488       0
                text1                               7F9      7F9        6        8       0
                maintext                            D19      D19       CC     1A32       0
                cstackBANK0                          20       20       4E       20       1
                cstackCOMMON                         70       70        E       70       1
                cstackBANK1                          C0       C0       1C       A0       1
                clrtext                             853      853        8     10A6       0
                bssBANK1                             A0       A0       20       A0       1
                bssBANK0                             6E       6E        2       20       1
                strings                             800      800       47     1000       0

TOTAL           Name                               Link     Load   Length     Space
        CLASS   CODE           
                end_init                             12       12        3         0
                cinit                                15       15       11         0
                intentry                              4        4        E         0
                reset_vec                             0        0        3         0
                text24                              899      899       25         0
                text23                              85B      85B        A         0
                text22                              387      387      288         0
                text21                              60F      60F      1DD         0
                text20                              8E4      8E4       27         0
                text19                               26       26      361         0
                text18                              B1A      B1A       9C         0
                text17                              C5F      C5F       BA         0
                text16                              BB6      BB6       A9         0
                text15                              9A9      9A9       44         0
                text14                              96F      96F       3A         0
                text13                              DE5      DE5       E8         0
                text12                              84D      84D        6         0
                text11                              ECD      ECD      133         0
                text10                              87D      87D       1C         0
                text9                               9ED      9ED       57         0
                text8                               8BE      8BE       26         0
                text7                               865      865       18         0
                text6                               93C      93C       33         0
                text5                               AA8      AA8       72         0
                text4                               90B      90B       31         0
                text3                               7EC      7EC        D         0
                text2                               A44      A44       64         0
                text1                               7F9      7F9        6         0
                maintext                            D19      D19       CC         0
                clrtext                             853      853        8         0

        CLASS   STRCODE        

        CLASS   STRING         
                strings                             800      800       47         0

        CLASS   CONST          

        CLASS   ENTRY          

        CLASS   COMMON         
                cstackCOMMON                         70       70        E         1

        CLASS   BANK0          
                cstackBANK0                          20       20       4E         1
                bssBANK0                             6E       6E        2         1

        CLASS   BANK1          
                cstackBANK1                          C0       C0       1C         1
                bssBANK1                             A0       A0       20         1

        CLASS   BANK2          

        CLASS   BANK3          

        CLASS   RAM            

        CLASS   ABS1           
                abs_s1                               7E       7E        2         1

        CLASS   SFR0           

        CLASS   SFR1           

        CLASS   SFR2           

        CLASS   SFR3           

        CLASS   CONFIG         
                config                             2007     2007        2         4

        CLASS   IDLOC          

        CLASS   EEDATA         

        CLASS   STACK          



SEGMENTS        Name                           Load    Length   Top    Selector   Space  Class     Delta

                reset_vec                      000000  000003  000003         0       0  CODE        2
                intentry                       000004  0007FB  0007FF         8       0  CODE        2
                cstackBANK0                    000020  000050  000070        20       1  BANK0       1
                cstackCOMMON                   000070  00000E  00007E        70       1  COMMON      1
                bssBANK1                       0000A0  00003C  0000DC        A0       1  BANK1       1
                strings                        000800  000047  000847      1000       0  STRING      2
                text12                         00084D  000006  000853      109A       0  CODE        2
                clrtext                        000853  000008  00085B      10A6       0  CODE        2
                text23                         00085B  00000A  000865      10B6       0  CODE        2
                text7                          000865  000018  00087D      10CA       0  CODE        2
                text10                         00087D  00001C  000899      10FA       0  CODE        2
                text24                         000899  000025  0008BE      1132       0  CODE        2
                text8                          0008BE  000026  0008E4      117C       0  CODE        2
                text20                         0008E4  000027  00090B      11C8       0  CODE        2
                text4                          00090B  000031  00093C      1216       0  CODE        2
                text6                          00093C  000033  00096F      1278       0  CODE        2
                text14                         00096F  00003A  0009A9      12DE       0  CODE        2
                text15                         0009A9  000044  0009ED      1352       0  CODE        2
                text9                          0009ED  000057  000A44      13DA       0  CODE        2
                text2                          000A44  000064  000AA8      1488       0  CODE        2
                text5                          000AA8  000072  000B1A      1550       0  CODE        2
                text18                         000B1A  00009C  000BB6      1634       0  CODE        2
                text16                         000BB6  0000A9  000C5F      176C       0  CODE        2
                text17                         000C5F  0000BA  000D19      18BE       0  CODE        2
                maintext                       000D19  0000CC  000DE5      1A32       0  CODE        2
                text13                         000DE5  0000E8  000ECD      1BCA       0  CODE        2
                text11                         000ECD  000133  001000      1D9A       0  CODE        2


UNUSED ADDRESS RANGES

        Name                Unused          Largest block    Delta
        BANK1            00DC-00EF             14           1
        BANK2            0110-016F             60           1
        BANK3            0190-01EF             60           1
        CODE             0003-0003              1           2
                         07FF-07FF              1
                         0847-084C              6
                         1000-1FFF            800
        CONST            0003-0003              1           2
                         07FF-07FF              1
                         0847-084C              6
                         1000-1FFF            100
        EEDATA           2100-21FF            100           2
        ENTRY            0003-0003              1           2
                         07FF-07FF              1
                         0847-084C              6
                         1000-1FFF            100
        IDLOC            2000-2003              4           2
        RAM              00DC-00EF             14           1
                         0110-016F             60
                         0190-01EF             60
        SFR0             0000-001F             20           1
        SFR1             0080-009F             20           1
        SFR2             0100-010F             10           1
        SFR3             0180-018F             10           1
        STRCODE          0003-0003              1           2
                         07FF-07FF              1
                         0847-084C              6
                         1000-1FFF           1000
        STRING           0003-0003              1           2
                         07FF-07FF              1
                         0847-084C              6
                         1000-1FFF            100

                                  Symbol Table

?__Umul8_16                cstackCOMMON 0070
?___fladd                  cstackBANK0  0054
?___fldiv                  cstackBANK0  0020
?___flmul                  cstackBANK0  003A
?___fltol                  cstackBANK0  0068
?___lwdiv                  cstackCOMMON 0070
?___lwmod                  cstackCOMMON 0078
?___wmul                   cstackCOMMON 0070
?___xxtofl                 cstackCOMMON 0070
?_adc_read                 cstackCOMMON 0070
?_map                      cstackBANK1  00C5
?_sprintf                  cstackBANK0  0020
Lcd8_Cmd@a                 cstackBANK1  00D5
Lcd8_Set_Cursor@a          cstackBANK1  00D8
Lcd8_Set_Cursor@b          cstackBANK1  00D6
Lcd8_Set_Cursor@x          cstackBANK1  00D9
Lcd8_Write_Char@a          cstackBANK1  00D4
Lcd8_Write_String@a        cstackBANK1  00D5
Lcd8_Write_String@i        cstackBANK1  00D8
_ADCON0bits                (abs)        001F
_ADCON1bits                (abs)        009F
_ADRESH                    (abs)        001E
_ADRESL                    (abs)        009E
_ANSEL                     (abs)        0188
_ANSELH                    (abs)        0189
_CONT_TMR0                 bssBANK0     006F
_DECI                      bssBANK1     00A6
_DECI2                     bssBANK1     00A0
_INTCONbits                (abs)        000B
_Lcd8_Cmd                  text10       087D
_Lcd8_Init                 text9        09ED
_Lcd8_Set_Cursor           text8        08BE
_Lcd8_Write_Char           text7        0865
_Lcd8_Write_String         text6        093C
_MOSTRAR                   bssBANK0     006E
_OPTION_REGbits            (abs)        0081
_OSCCONbits                (abs)        008F
_PIE1bits                  (abs)        008C
_PIR1bits                  (abs)        000C
_PORTD                     (abs)        0008
_RC6                       (abs)        003E
_RC7                       (abs)        003F
_TMR0                      (abs)        0001
_TRISA                     (abs)        0085
_TRISC                     (abs)        0087
_UNI                       bssBANK1     00A8
_UNI2                      bssBANK1     00A2
_VALORES1                  bssBANK1     00B6
_VALORES2                  bssBANK1     00AC
_VAR_POT                   bssBANK1     00AA
_VAR_POT2                  bssBANK1     00A4
__Habs1                    abs1         0000
__Hbank0                   bank0        0000
__Hbank1                   bank1        0000
__Hbank2                   bank2        0000
__Hbank3                   bank3        0000
__HbssBANK0                bssBANK0     0000
__HbssBANK1                bssBANK1     0000
__Hcinit                   cinit        0026
__Hclrtext                 clrtext      0000
__Hcode                    code         0000
__Hcommon                  common       0000
__Hconfig                  config       2009
__HcstackBANK0             cstackBANK0  0000
__HcstackBANK1             cstackBANK1  0000
__HcstackCOMMON            cstackCOMMON 0000
__Heeprom_data             eeprom_data  0000
__Hend_init                end_init     0015
__Hfunctab                 functab      0000
__Hinit                    init         0012
__Hintentry                intentry     0012
__Hmaintext                maintext     0000
__Hpowerup                 powerup      0000
__Hram                     ram          0000
__Hreset_vec               reset_vec    0003
__Hsfr0                    sfr0         0000
__Hsfr1                    sfr1         0000
__Hsfr2                    sfr2         0000
__Hsfr3                    sfr3         0000
__Hspace_0                 (abs)        1000
__Hspace_1                 (abs)        00DC
__Hspace_2                 (abs)        0000
__Hspace_3                 (abs)        0000
__Hspace_4                 (abs)        4010
__Hstack                   stack        0000
__Hstrings                 strings      0000
__Htext                    text         0000
__Labs1                    abs1         0000
__Lbank0                   bank0        0000
__Lbank1                   bank1        0000
__Lbank2                   bank2        0000
__Lbank3                   bank3        0000
__LbssBANK0                bssBANK0     0000
__LbssBANK1                bssBANK1     0000
__Lcinit                   cinit        0015
__Lclrtext                 clrtext      0000
__Lcode                    code         0000
__Lcommon                  common       0000
__Lconfig                  config       0000
__LcstackBANK0             cstackBANK0  0000
__LcstackBANK1             cstackBANK1  0000
__LcstackCOMMON            cstackCOMMON 0000
__Leeprom_data             eeprom_data  0000
__Lend_init                end_init     0012
__Lfunctab                 functab      0000
__Linit                    init         0012
__Lintentry                intentry     0004
__Lmaintext                maintext     0000
__Lpowerup                 powerup      0000
__Lram                     ram          0000
__Lreset_vec               reset_vec    0000
__Lsfr0                    sfr0         0000
__Lsfr1                    sfr1         0000
__Lsfr2                    sfr2         0000
__Lsfr3                    sfr3         0000
__Lspace_0                 (abs)        0000
__Lspace_1                 (abs)        0000
__Lspace_2                 (abs)        0000
__Lspace_3                 (abs)        0000
__Lspace_4                 (abs)        0000
__Lstack                   stack        0000
__Lstrings                 strings      0000
__Ltext                    text         0000
__S0                       (abs)        1000
__S1                       (abs)        00DC
__S3                       (abs)        0000
__Umul8_16                 text20       08E4
__Umul8_16@multiplicand    cstackCOMMON 0070
__Umul8_16@multiplier      cstackCOMMON 0078
__Umul8_16@product         cstackCOMMON 0074
__Umul8_16@word_mpld       cstackCOMMON 0076
___fladd                   text22       0387
___fladd@a                 cstackBANK0  0058
___fladd@aexp              cstackBANK0  0065
___fladd@b                 cstackBANK0  0054
___fladd@bexp              cstackBANK0  0066
___fladd@grs               cstackBANK0  0067
___fladd@signs             cstackBANK0  0064
___fldiv                   text21       060F
___fldiv@a                 cstackBANK0  0020
___fldiv@aexp              cstackBANK0  0039
___fldiv@b                 cstackBANK0  0024
___fldiv@bexp              cstackBANK0  0038
___fldiv@grs               cstackBANK0  0034
___fldiv@new_exp           cstackBANK0  0032
___fldiv@rem               cstackBANK0  002D
___fldiv@sign              cstackBANK0  0031
___flmul                   text19       0026
___flmul@a                 cstackBANK0  003E
___flmul@aexp              cstackBANK0  004C
___flmul@b                 cstackBANK0  003A
___flmul@bexp              cstackBANK0  004D
___flmul@grs               cstackBANK0  0048
___flmul@prod              cstackBANK0  004E
___flmul@sign              cstackBANK0  0047
___flmul@temp              cstackBANK0  0052
___fltol                   text18       0B1A
___fltol@exp1              cstackBANK0  006D
___fltol@f1                cstackBANK0  0068
___fltol@sign1             cstackBANK0  006C
___int_sp                  stack        0000
___latbits                 (abs)        0002
___lwdiv                   text15       09A9
___lwdiv@counter           cstackCOMMON 0077
___lwdiv@dividend          cstackCOMMON 0072
___lwdiv@divisor           cstackCOMMON 0070
___lwdiv@quotient          cstackCOMMON 0075
___lwmod                   text14       096F
___lwmod@counter           cstackCOMMON 007D
___lwmod@dividend          cstackCOMMON 007A
___lwmod@divisor           cstackCOMMON 0078
___sp                      stack        0000
___stackhi                 (abs)        0000
___stacklo                 (abs)        0000
___wmul                    text24       0899
___wmul@multiplicand       cstackCOMMON 0072
___wmul@multiplier         cstackCOMMON 0070
___wmul@product            cstackCOMMON 0074
___xxtofl                  text17       0C5F
___xxtofl@arg              cstackCOMMON 007A
___xxtofl@exp              cstackCOMMON 0079
___xxtofl@sign             cstackCOMMON 0078
___xxtofl@val              cstackCOMMON 0070
__end_of_Lcd8_Cmd          text10       0899
__end_of_Lcd8_Init         text9        0A44
__end_of_Lcd8_Set_Cursor   text8        08E4
__end_of_Lcd8_Write_Char   text7        087D
__end_of_Lcd8_Write_String text6        096F
__end_of__Umul8_16         text20       090B
__end_of___fladd           text22       060F
__end_of___fldiv           text21       07EC
__end_of___flmul           text19       0387
__end_of___fltol           text18       0BB6
__end_of___lwdiv           text15       09ED
__end_of___lwmod           text14       09A9
__end_of___wmul            text24       08BE
__end_of___xxtofl          text17       0D19
__end_of__initialization   cinit        0022
__end_of__stringtab        strings      0810
__end_of_adc_init          text5        0B1A
__end_of_adc_read          text23       0865
__end_of_dpowers           strings      081A
__end_of_int_osc_MHz       text4        093C
__end_of_isr               text11       1000
__end_of_main              maintext     0DE5
__end_of_map               text16       0C5F
__end_of_setup             text3        07F9
__end_of_sprintf           text13       0ECD
__end_of_tmr0_init         text2        0AA8
__end_of_tmr0_reload       text1        07FF
__end_ofi1_tmr0_reload     text12       0853
__initialization           cinit        0015
__pbssBANK0                bssBANK0     006E
__pbssBANK1                bssBANK1     00A0
__pcstackBANK0             cstackBANK0  0020
__pcstackBANK1             cstackBANK1  00C0
__pcstackCOMMON            cstackCOMMON 0070
__pintentry                intentry     0004
__pmaintext                maintext     0D19
__pstrings                 strings      0800
__ptext1                   text1        07F9
__ptext10                  text10       087D
__ptext11                  text11       0ECD
__ptext12                  text12       084D
__ptext13                  text13       0DE5
__ptext14                  text14       096F
__ptext15                  text15       09A9
__ptext16                  text16       0BB6
__ptext17                  text17       0C5F
__ptext18                  text18       0B1A
__ptext19                  text19       0026
__ptext2                   text2        0A44
__ptext20                  text20       08E4
__ptext21                  text21       060F
__ptext22                  text22       0387
__ptext23                  text23       085B
__ptext24                  text24       0899
__ptext3                   text3        07EC
__ptext4                   text4        090B
__ptext5                   text5        0AA8
__ptext6                   text6        093C
__ptext7                   text7        0865
__ptext8                   text8        08BE
__ptext9                   text9        09ED
__stringbase               strings      080F
__stringtab                strings      0800
_adc_init                  text5        0AA8
_adc_read                  text23       085B
_dpowers                   strings      0810
_int_osc_MHz               text4        090B
_isr                       text11       0ECD
_main                      maintext     0D19
_map                       text16       0BB6
_setup                     text3        07EC
_sprintf                   text13       0DE5
_tmr0_init                 text2        0A44
_tmr0_reload               text1        07F9
adc_init@adc_cs            cstackBANK1  00D7
adc_init@vref_minus        cstackBANK1  00D4
adc_init@vref_plus         cstackBANK1  00D3
btemp                      (abs)        007E
clear_ram0                 clrtext      0853
end_of_initialization      cinit        0022
i1_tmr0_reload             text12       084D
int_osc_MHz@freq           cstackBANK1  00D5
interrupt_function         intentry     0004
intlevel0                  functab      0000
intlevel1                  functab      0000
intlevel2                  functab      0000
intlevel3                  functab      0000
intlevel4                  functab      0000
intlevel5                  functab      0000
map@x                      cstackBANK1  00C5
map@x0                     cstackBANK1  00C7
map@x1                     cstackBANK1  00C8
map@y0                     cstackBANK1  00CA
map@y1                     cstackBANK1  00CC
reset_vec                  reset_vec    0000
saved_w                    (abs)        007E
sprintf@ap                 cstackBANK0  0028
sprintf@c                  cstackBANK0  002E
sprintf@f                  cstackBANK0  0020
sprintf@flag               cstackBANK0  0029
sprintf@prec               cstackBANK0  002A
sprintf@sp                 cstackBANK0  002D
sprintf@val                cstackBANK0  002B
start                      init         0012
start_initialization       cinit        0015
tmr0_init@prescaler        cstackBANK1  00D5
wtemp0                     (abs)        007E


MODULE INFORMATION

Module		Function		Class		Link	Load	Size
LCD8.c
		_Lcd8_Write_String		CODE           	093C	0000	51
		_Lcd8_Set_Cursor		CODE           	08BE	0000	38
		_Lcd8_Init     		CODE           	09ED	0000	87
		_Lcd8_Write_Char		CODE           	0865	0000	24
		_Lcd8_Cmd      		CODE           	087D	0000	28

LCD8.c estimated size: 228

C:\Program Files\Microchip\xc8\v2.35\pic\sources\c90\common\xxtofl.c
		___xxtofl      		CODE           	0C5F	0000	186

C:\Program Files\Microchip\xc8\v2.35\pic\sources\c90\common\xxtofl.c estimated size: 186

C:\Program Files\Microchip\xc8\v2.35\pic\sources\c90\common\lwdiv.c
		___lwdiv       		CODE           	09A9	0000	68

C:\Program Files\Microchip\xc8\v2.35\pic\sources\c90\common\lwdiv.c estimated size: 68

C:\Program Files\Microchip\xc8\v2.35\pic\sources\c90\common\fltol.c
		___fltol       		CODE           	0B1A	0000	156

C:\Program Files\Microchip\xc8\v2.35\pic\sources\c90\common\fltol.c estimated size: 156

C:\Program Files\Microchip\xc8\v2.35\pic\sources\c90\common\doprnt.c
		_sprintf       		CODE           	0DE5	0000	232

C:\Program Files\Microchip\xc8\v2.35\pic\sources\c90\common\doprnt.c estimated size: 232

adc.c
		_adc_read      		CODE           	085B	0000	10
		_adc_init      		CODE           	0AA8	0000	114

adc.c estimated size: 124

oscilador.c
		_int_osc_MHz   		CODE           	090B	0000	49

oscilador.c estimated size: 49

C:\Program Files\Microchip\xc8\v2.35\pic\sources\c90\common\sprcmul.c
		___flmul       		CODE           	0026	0000	865

C:\Program Files\Microchip\xc8\v2.35\pic\sources\c90\common\sprcmul.c estimated size: 865

C:\Program Files\Microchip\xc8\v2.35\pic\sources\c90\common\sprcdiv.c
		___fldiv       		CODE           	060F	0000	477

C:\Program Files\Microchip\xc8\v2.35\pic\sources\c90\common\sprcdiv.c estimated size: 477

tmr0.c
		_tmr0_reload   		CODE           	07F9	0000	6
		_tmr0_init     		CODE           	0A44	0000	100

tmr0.c estimated size: 106

shared
		__stringtab    		STRING         	0800	0000	16
		_dpowers       		STRING         	0810	0000	10
		__initialization		CODE           	0015	0000	13
		i1_tmr0_reload 		CODE           	084D	0000	6

shared estimated size: 45

C:\Program Files\Microchip\xc8\v2.35\pic\sources\c90\common\Umul16.c
		___wmul        		CODE           	0899	0000	37

C:\Program Files\Microchip\xc8\v2.35\pic\sources\c90\common\Umul16.c estimated size: 37

C:\Program Files\Microchip\xc8\v2.35\pic\sources\c90\common\Umul8_16.c
		__Umul8_16     		CODE           	08E4	0000	39

C:\Program Files\Microchip\xc8\v2.35\pic\sources\c90\common\Umul8_16.c estimated size: 39

C:\Program Files\Microchip\xc8\v2.35\pic\sources\c90\common\lwmod.c
		___lwmod       		CODE           	096F	0000	58

C:\Program Files\Microchip\xc8\v2.35\pic\sources\c90\common\lwmod.c estimated size: 58

Lab2.c
		_map           		CODE           	0BB6	0000	169
		_main          		CODE           	0D19	0000	204
		_isr           		CODE           	0ECD	0000	307
		_setup         		CODE           	07EC	0000	13

Lab2.c estimated size: 693

C:\Program Files\Microchip\xc8\v2.35\pic\sources\c90\common\sprcadd.c
		___fladd       		CODE           	0387	0000	648

C:\Program Files\Microchip\xc8\v2.35\pic\sources\c90\common\sprcadd.c estimated size: 648

